SRCSRV: ini ------------------------------------------------
VERSION=2
SRCSRV: variables ------------------------------------------
SRCSRVVERCTRL=https
SRCSRVTRG=https://bitbucket.org/CatenaLogic/GitLinkTestRepro/raw/af48c72ad1dd98204ee9b409ca0ba9f34cf8e52e/%var2%
SRCSRV: source files ---------------------------------------
C:\Source\GitLinkTestRepro_BitBucket\src\CSharpTestLibrary\Class1.cs*src/CSharpTestLibrary/Class1.cs
C:\Source\GitLinkTestRepro_BitBucket\src\CSharpTestLibrary\Properties\AssemblyInfo.cs*src/CSharpTestLibrary/Properties/AssemblyInfo.cs
SRCSRV: end ------------------------------------------------
